Microsoft (R) Macro Assembler Version 14.33.31630.0	    11/02/22 02:41:43
1.asm							     Page 1 - 1


				; Part 1:   Adds three numbers
				; Author:   Joshua Francis
				; Date:     10/31/2022 

				.586
				.MODEL FLAT

				INCLUDE io.h                             ; header file for input/output
			      C ; IO.H -- header file for I/O macros (listing suppressed)
			      C .NOLIST      ; turn off listing
			      C .LIST        ; begin listing
			      C 

				.STACK 4096

 00000000			.DATA
 00000000 00000000		number1 DWORD   ?
 00000004 00000000		number2 DWORD   ?
 00000008 00000000		number3 DWORD   ?
 0000000C 45 6E 74 65 72	prompt1 BYTE    "Enter first number", 0
	   20 66 69 72 73
	   74 20 6E 75 6D
	   62 65 72 00
 0000001F 45 6E 74 65 72	prompt2 BYTE    "Enter second number", 0
	   20 73 65 63 6F
	   6E 64 20 6E 75
	   6D 62 65 72 00
 00000033 45 6E 74 65 72	prompt3 BYTE    "Enter third number", 0
	   20 74 68 69 72
	   64 20 6E 75 6D
	   62 65 72 00
 00000046  00000028 [		string  BYTE    40 DUP (?)
	    00
	   ]
 0000006E 54 68 65 20 73	resultLbl BYTE  "The sum is", 0
	   75 6D 20 69 73
	   00
 00000079  0000000B [		sum     BYTE    11 DUP (?), 0
	    00
	   ] 00

 00000000			.CODE
 00000000			_MainProc PROC
				        input   prompt1, string, 40      ; read ASCII characters
				        atod    string                   ; convert to integer
 0000002D  A3 00000000 R	        mov     number1, eax             ; store in memory

				        input   prompt2, string, 40      ; repeat for second number
				        atod    string
 0000005F  A3 00000004 R	        mov     number2, eax

				        input   prompt3, string, 40      ; repeat for third number 
				        atod    string
 00000091  A3 00000008 R	        mov     number3, eax
				        
 00000096  A1 00000000 R	        mov     eax, number1             ; first number to EAX
 0000009B  03 05 00000004 R	        add     eax, number2             ; add second number
 000000A1  03 05 00000008 R	        add     eax, number3             ; add third number

				        dtoa    sum, eax                 ; convert to ASCII characters
				        output  resultLbl, sum           ; output label and sum

 000000D8  B8 00000000		        mov     eax, 0                   ; exit with return code 0
 000000DD  C3			        ret
 000000DE			_MainProc ENDP
				END                                      ; end of source code
Microsoft (R) Macro Assembler Version 14.33.31630.0	    11/02/22 02:41:43
1.asm							     Symbols 2 - 1




Macros:

                N a m e                 Type

atod . . . . . . . . . . . . . .	Proc
atow . . . . . . . . . . . . . .	Proc
dtoa . . . . . . . . . . . . . .	Proc
input  . . . . . . . . . . . . .	Proc
output . . . . . . . . . . . . .	Proc
wtoa . . . . . . . . . . . . . .	Proc


Segments and Groups:

                N a m e                 Size     Length   Align   Combine Class

FLAT . . . . . . . . . . . . . .	GROUP
STACK  . . . . . . . . . . . . .	32 Bit	 00001000 Para	  Stack	  'STACK'	 
_DATA  . . . . . . . . . . . . .	32 Bit	 00000085 Para	  Public  'DATA'	
_TEXT  . . . . . . . . . . . . .	32 Bit	 000000DE Para	  Public  'CODE'	


Procedures, parameters, and locals:

                N a m e                 Type     Value    Attr

_MainProc  . . . . . . . . . . .	P Near	 00000000 _TEXT	Length= 000000DE Public


Symbols:

                N a m e                 Type     Value    Attr

@CodeSize  . . . . . . . . . . .	Number	 00000000h   
@DataSize  . . . . . . . . . . .	Number	 00000000h   
@Interface . . . . . . . . . . .	Number	 00000000h   
@Model . . . . . . . . . . . . .	Number	 00000007h   
@code  . . . . . . . . . . . . .	Text   	 _TEXT
@data  . . . . . . . . . . . . .	Text   	 FLAT
@fardata?  . . . . . . . . . . .	Text   	 FLAT
@fardata . . . . . . . . . . . .	Text   	 FLAT
@stack . . . . . . . . . . . . .	Text   	 FLAT
_getInput  . . . . . . . . . . .	L Near	 00000000 FLAT	External
_showOutput  . . . . . . . . . .	L Near	 00000000 FLAT	External
atodproc . . . . . . . . . . . .	L Near	 00000000 FLAT	External
atowproc . . . . . . . . . . . .	L Near	 00000000 FLAT	External
dtoaproc . . . . . . . . . . . .	L Near	 00000000 FLAT	External
number1  . . . . . . . . . . . .	DWord	 00000000 _DATA	
number2  . . . . . . . . . . . .	DWord	 00000004 _DATA	
number3  . . . . . . . . . . . .	DWord	 00000008 _DATA	
prompt1  . . . . . . . . . . . .	Byte	 0000000C _DATA	
prompt2  . . . . . . . . . . . .	Byte	 0000001F _DATA	
prompt3  . . . . . . . . . . . .	Byte	 00000033 _DATA	
resultLbl  . . . . . . . . . . .	Byte	 0000006E _DATA	
string . . . . . . . . . . . . .	Byte	 00000046 _DATA	
sum  . . . . . . . . . . . . . .	Byte	 00000079 _DATA	
wtoaproc . . . . . . . . . . . .	L Near	 00000000 FLAT	External

	   0 Warnings
	   0 Errors
