Microsoft (R) Macro Assembler Version 14.33.31630.0	    11/02/22 02:40:28
2.asm							     Page 1 - 1


				; Part 2:   Calculates Surface Area Of The Box With Parameters Entered 
				; Author:   Joshua Francis
				; Date:     10/31/2022 

				.586
				.MODEL FLAT

				INCLUDE io.h                                   ; header file for input/output
			      C ; IO.H -- header file for I/O macros (listing suppressed)
			      C .NOLIST      ; turn off listing
			      C .LIST        ; begin listing
			      C 

				.STACK 4096

 00000000			.DATA
 00000000 00000000		length1      DWORD   ?
 00000004 00000000		width1       DWORD   ?
 00000008 00000000		height1      DWORD   ?

 0000000C 4C 65 6E 67 74	prompt1         BYTE    "Length of box?", 0
	   68 20 6F 66 20
	   62 6F 78 3F 00
 0000001B 57 69 64 74 68	prompt2         BYTE    "Width of box?", 0
	   20 6F 66 20 62
	   6F 78 3F 00
 00000029 48 65 69 67 68	prompt3         BYTE    "Height of box?", 0
	   74 20 6F 66 20
	   62 6F 78 3F 00
 00000038  00000028 [		string1         BYTE    40 DUP (?)
	    00
	   ]
 00000060 54 68 65 20 62	resultLbl       BYTE    "The box surface area is", 0
	   6F 78 20 73 75
	   72 66 61 63 65
	   20 61 72 65 61
	   20 69 73 00
 00000078  0000000B [		sum             BYTE    11 DUP (?), 0
	    00
	   ] 00

 00000000			.CODE
 00000000			_MainProc2 PROC

				        input  prompt1, string1, 40           ; get length
				        atod  string1                         ; convert to integer
 0000002D  A3 00000000 R	        mov  length1, eax                     ; store in memory

				        input  prompt2, string1, 40           ; repeat for width
				        atod  string1
 0000005F  A3 00000004 R	        mov  width1, eax

				        input  prompt3, string1, 40           ; repeat for height
				        atod  string1
 00000091  A3 00000008 R	        mov  height1, eax

 00000096  A1 00000000 R	        mov  eax, length1                     ; moves length to eax
 0000009B  F7 25 00000004 R	        mul  width1                           ; length*width
 000000A1  8B D8		        mov  ebx, eax                         ; moves length*width to ebx

 000000A3  A1 00000000 R	        mov  eax, length1                     ; moves length to eax
 000000A8  F7 25 00000008 R	        mul  height1                          ; length*height
 000000AE  8B C8		        mov  ecx, eax                         ; moves length*height to ecx

 000000B0  A1 00000004 R	        mov  eax, width1                      ; moves width to eax
 000000B5  F7 25 00000008 R	        mul  height1                          ; width*height
 000000BB  8B D0		        mov  edx, eax                         ; moves width*height to edx

 000000BD  8B C3		        mov  eax, ebx                         ; moves length*width to eax
 000000BF  03 C1		        add  eax, ecx                         ; adds length*height to length*width
 000000C1  03 C2		        add  eax, edx                         ; adds width*height to length*height + length*width

 000000C3  6B C0 02		        imul  eax, 2                          ; Surface Area = 2*(length*width + length*height + width*height)

				        dtoa  sum, eax                        ; convert to ASCII characters
				        output  resultLbl, sum                ; output label and sum

 000000F7  B8 00000000		        mov  eax, 0                           ; exit with return code 0
 000000FC  C3			        ret

 000000FD			_MainProc2 ENDP
				END                                           ; end of source cod
Microsoft (R) Macro Assembler Version 14.33.31630.0	    11/02/22 02:40:28
2.asm							     Symbols 2 - 1




Macros:

                N a m e                 Type

atod . . . . . . . . . . . . . .	Proc
atow . . . . . . . . . . . . . .	Proc
dtoa . . . . . . . . . . . . . .	Proc
input  . . . . . . . . . . . . .	Proc
output . . . . . . . . . . . . .	Proc
wtoa . . . . . . . . . . . . . .	Proc


Segments and Groups:

                N a m e                 Size     Length   Align   Combine Class

FLAT . . . . . . . . . . . . . .	GROUP
STACK  . . . . . . . . . . . . .	32 Bit	 00001000 Para	  Stack	  'STACK'	 
_DATA  . . . . . . . . . . . . .	32 Bit	 00000084 Para	  Public  'DATA'	
_TEXT  . . . . . . . . . . . . .	32 Bit	 000000FD Para	  Public  'CODE'	


Procedures, parameters, and locals:

                N a m e                 Type     Value    Attr

_MainProc2 . . . . . . . . . . .	P Near	 00000000 _TEXT	Length= 000000FD Public


Symbols:

                N a m e                 Type     Value    Attr

@CodeSize  . . . . . . . . . . .	Number	 00000000h   
@DataSize  . . . . . . . . . . .	Number	 00000000h   
@Interface . . . . . . . . . . .	Number	 00000000h   
@Model . . . . . . . . . . . . .	Number	 00000007h   
@code  . . . . . . . . . . . . .	Text   	 _TEXT
@data  . . . . . . . . . . . . .	Text   	 FLAT
@fardata?  . . . . . . . . . . .	Text   	 FLAT
@fardata . . . . . . . . . . . .	Text   	 FLAT
@stack . . . . . . . . . . . . .	Text   	 FLAT
_getInput  . . . . . . . . . . .	L Near	 00000000 FLAT	External
_showOutput  . . . . . . . . . .	L Near	 00000000 FLAT	External
atodproc . . . . . . . . . . . .	L Near	 00000000 FLAT	External
atowproc . . . . . . . . . . . .	L Near	 00000000 FLAT	External
dtoaproc . . . . . . . . . . . .	L Near	 00000000 FLAT	External
height1  . . . . . . . . . . . .	DWord	 00000008 _DATA	
length1  . . . . . . . . . . . .	DWord	 00000000 _DATA	
prompt1  . . . . . . . . . . . .	Byte	 0000000C _DATA	
prompt2  . . . . . . . . . . . .	Byte	 0000001B _DATA	
prompt3  . . . . . . . . . . . .	Byte	 00000029 _DATA	
resultLbl  . . . . . . . . . . .	Byte	 00000060 _DATA	
string1  . . . . . . . . . . . .	Byte	 00000038 _DATA	
sum  . . . . . . . . . . . . . .	Byte	 00000078 _DATA	
width1 . . . . . . . . . . . . .	DWord	 00000004 _DATA	
wtoaproc . . . . . . . . . . . .	L Near	 00000000 FLAT	External

	   0 Warnings
	   0 Errors
